<?xml version="1.0" encoding="UTF-8"?>
<TestRun id="cb55dbb8-f7aa-4682-a23a-a9c09ff70938" name="user@USER-LAPTOP 2012-10-05 00:05:15" runUser="user-laptop\user" xmlns="http://microsoft.com/schemas/VisualStudio/TeamTest/2010">
  <TestSettings name="Local" id="835b2509-bff2-4464-934d-51eafd7729ae">
    <Description>These are default test settings for a local test run.</Description>
    <Deployment enabled="false" runDeploymentRoot="user_USER-LAPTOP 2012-10-05 00_05_15">
      <DeploymentItem filename="c:\users\user\documents\visual studio 2010\Projects\BowlingGame\bin\Debug\BowlingGame.dll" />
    </Deployment>
    <Execution>
      <TestTypeSpecific />
      <AgentRule name="Execution Agents">
      </AgentRule>
    </Execution>
  </TestSettings>
  <Times creation="2012-10-05T00:05:15.0451643-05:00" queuing="2012-10-05T00:05:15.1151683-05:00" start="2012-10-05T00:05:15.1361695-05:00" finish="2012-10-05T00:05:15.5011903-05:00" />
  <ResultSummary outcome="Completed">
    <Counters total="1" executed="1" passed="1" error="0" failed="0" timeout="0" aborted="0" inconclusive="0" passedButRunAborted="0" notRunnable="0" notExecuted="0" disconnected="0" warning="0" completed="0" inProgress="0" pending="0" />
  </ResultSummary>
  <TestDefinitions>
    <UnitTest name="IsFrameComplete_NoRolls" storage="c:\users\user\documents\visual studio 2010\projects\bowlinggametdd\bowlinggametdd\bin\debug\bowlinggametdd.dll" id="b2199d41-097b-f817-bde3-55ae46e3b7ce">
      <Execution id="f2dce864-9333-4a2d-80d8-4bcde4a3556f" />
      <TestMethod codeBase="C:/Users/user/documents/visual studio 2010/Projects/BowlingGameTDD/BowlingGameTDD/bin/Debug/BowlingGameTDD.DLL" adapterTypeName="Microsoft.VisualStudio.TestTools.TestTypes.Unit.UnitTestAdapter, Microsoft.VisualStudio.QualityTools.Tips.UnitTest.Adapter, Version=10.0.0.0, Culture=neutral, PublicKeyToken=b03f5f7f11d50a3a" className="BowlingGameTDD.UnitTest1, BowlingGameTDD, Version=1.0.0.0, Culture=neutral, PublicKeyToken=null" name="IsFrameComplete_NoRolls" />
    </UnitTest>
  </TestDefinitions>
  <TestLists>
    <TestList name="Results Not in a List" id="8c84fa94-04c1-424b-9868-57a2d4851a1d" />
    <TestList name="All Loaded Results" id="19431567-8539-422a-85d7-44ee4e166bda" />
  </TestLists>
  <TestEntries>
    <TestEntry testId="b2199d41-097b-f817-bde3-55ae46e3b7ce" executionId="f2dce864-9333-4a2d-80d8-4bcde4a3556f" testListId="8c84fa94-04c1-424b-9868-57a2d4851a1d" />
  </TestEntries>
  <Results>
    <UnitTestResult executionId="f2dce864-9333-4a2d-80d8-4bcde4a3556f" testId="b2199d41-097b-f817-bde3-55ae46e3b7ce" testName="IsFrameComplete_NoRolls" computerName="USER-LAPTOP" duration="00:00:00.0232084" startTime="2012-10-05T00:05:15.1551705-05:00" endTime="2012-10-05T00:05:15.4811892-05:00" testType="13cdc9d9-ddb5-4fa4-a97d-d965ccfc6d4b" outcome="Passed" testListId="8c84fa94-04c1-424b-9868-57a2d4851a1d" relativeResultsDirectory="f2dce864-9333-4a2d-80d8-4bcde4a3556f">
    </UnitTestResult>
  </Results>
</TestRun>